PS C:\git\projekt> git commit -m "Neue Datei"
[master a275cde] Neue Datei
 1 file changed, 0 insertions(+), 0 deletions(-)
 create mode 100644 befehle.txt
PS C:\git\projekt> git status
On branch master
Untracked files:
  (use "git add <file>..." to include in what will be committed)
        as11-36-5380-1.gif

nothing added to commit but untracked files present (use "git add" to track)
PS C:\git\projekt> git remote add origin https://github.com/haraltes/project.git
PS C:\git\projekt>
PS C:\git\projekt>
PS C:\git\projekt> git push -u origin master
Logon failed, use ctrl+c to cancel basic credential prompt.
Username for 'https://github.com': haraltes
Password for 'https://haraltes@github.com':
remote: Repository not found.
fatal: repository 'https://github.com/haraltes/project.git/' not found
PS C:\git\projekt> git push -u origin master
remote: Repository not found.
fatal: repository 'https://github.com/haraltes/project.git/' not found
PS C:\git\projekt> git push -u origin master
Enumerating objects: 11, done.
Counting objects: 100% (11/11), done.
Delta compression using up to 8 threads
Compressing objects: 100% (11/11), done.
Writing objects: 100% (11/11), 1.37 MiB | 429.00 KiB/s, done.
Total 11 (delta 4), reused 0 (delta 0), pack-reused 0
remote: Resolving deltas: 100% (4/4), done.
To https://github.com/haraltes/project.git
 * [new branch]      master -> master
Branch 'master' set up to track remote branch 'master' from 'origin'.
PS C:\git\projekt>





PS C:\git\projekt> git push -u origin master
Everything up-to-date
Branch 'master' set up to track remote branch 'master' from 'origin'.
PS C:\git\projekt> git commit
Aborting commit due to empty commit message.
PS C:\git\projekt> git commit -m "neue Datei dazu"
[master 527a349] neue Datei dazu
 1 file changed, 35 insertions(+)
 create mode 100644 ausgabe.txt
PS C:\git\projekt> git status
On branch master
Your branch is ahead of 'origin/master' by 1 commit.
  (use "git push" to publish your local commits)

Changes not staged for commit:
  (use "git add <file>..." to update what will be committed)
  (use "git restore <file>..." to discard changes in working directory)
        modified:   befehle.txt

Untracked files:
  (use "git add <file>..." to include in what will be committed)
        as11-36-5380-1.gif

no changes added to commit (use "git add" and/or "git commit -a")
PS C:\git\projekt> git push -u origin master
Enumerating objects: 4, done.
Counting objects: 100% (4/4), done.
Delta compression using up to 8 threads
Compressing objects: 100% (3/3), done.
Writing objects: 100% (3/3), 888 bytes | 888.00 KiB/s, done.
Total 3 (delta 1), reused 0 (delta 0), pack-reused 0
remote: Resolving deltas: 100% (1/1), completed with 1 local object.
To https://github.com/haraltes/project.git
   a275cde..527a349  master -> master
Branch 'master' set up to track remote branch 'master' from 'origin'.
PS C:\git\projekt>


